-
├───+
│   ├───*
│   │   ├───/
│   │   │   ├───asd
│   │   │   └───zxc
│   │   └───qwe
│   └───yxz
└───abc