(4,11) Unary operator is not overloaded: Substring