(5,13) Operator is not overloaded: double > string