program
   decls
      vars
         var
            i
            type
               integer
            no expression
   block
      compounds statements
         :=
            i
            0
         if
            <=
               i
               10
            +=
               i
               2
         else
            empty

 ───────────────────────────────────────────────────────────────────────────────────────────────────
 │ integer                   │ type                      │ integer                                 │
 │ char                      │ type                      │ char                                    │
 │ string                    │ type                      │ string                                  │
 │ double                    │ type                      │ double                                  │
 │ boolean                   │ type                      │ boolean                                 │
 ───────────────────────────────────────────────────────────────────────────────────────────────────

 ───────────────────────────────────────────────────────────────────────────────────────────────────
 │ without name              │ program name              │ no return type                          │
 │ i                         │ var                       │ integer                                 │
 ───────────────────────────────────────────────────────────────────────────────────────────────────
