1	1	Char	{	#123
2	1	Char	≈Å	#321
3	1	Char	6	#54
4	1	Char	A	#65
5	1	Char	L	#76
