1	1	Identifier	a	a
2	1	Identifier	_a	_a
3	1	Identifier	_123	_123
4	1	Identifier	&begin	&begin
5	1	Identifier	&asdf	&asdf
6	1	Identifier	aBcD	aBcD
7	1	Identifier	aaaaaaaaaaaaaaaaaaaaaaaaaaaaaaaaaaaaaaa	aaaaaaaaaaaaaaaaaaaaaaaaaaaaaaaaaaaaaaa
8	11	Identifier	&OF	&OF
9	9	Identifier	AAA	AAA
10	6	Identifier	_1f	_1f
12	1	Identifier	&while	&while
12	8	Identifier	a	a
12	10	Identifier	_a	_a
12	13	Identifier	asdf	asdf
13	1	Identifier	a_b	a_b
14	1	Integer	123	123
14	4	Identifier	_a_b	_a_b
15	1	Identifier	a_b_123	a_b_123
