1	1	Integer	0	0
2	1	Integer	123	123
3	1	Integer	0	%0
4	1	Integer	21	%10101
5	1	Integer	0	&0
6	1	Integer	83	&123
7	1	Integer	0	$0
8	1	Integer	291	$123
9	1	Integer	123	123
10	1	Integer	123	123
10	4	Separator	Doubledot	..
10	6	Separator	Dot	.
11	1	Integer	123	123
11	4	Separator	Doubledot	..
12	1	Integer	123	123
12	4	Identifier	_	_
13	1	Integer	11259375	$ABCDEF
14	1	Integer	7	&7
15	1	Integer	10	$A
