(3,20) incompatible types: got 'integer' expected 'int_int'