(2,16) incompatible types: got 'integer' expected 'int'