program
   decls
      vars
         var
            a
            type
               integer
               1
      vars
         var
            b
            type
               string
               'some string'
      vars
         var
            c
            type
               char
               #123
      vars
         var
            d1
            type
               double
               123.123
      vars
         var
            f
            type
               boolean
               false
      vars
         var
            t
            type
               boolean
               true
   block
      compounds statements

 ───────────────────────────────────────────────────────────────────────────────────────────────────
 │ integer                   │ type                      │ integer                                 │
 │ char                      │ type                      │ char                                    │
 │ string                    │ type                      │ string                                  │
 │ double                    │ type                      │ double                                  │
 │ boolean                   │ type                      │ boolean                                 │
 ───────────────────────────────────────────────────────────────────────────────────────────────────

 ───────────────────────────────────────────────────────────────────────────────────────────────────
 │ without name              │ program name              │ no return type                          │
 │ a                         │ var                       │ integer                                 │
 │ b                         │ var                       │ string                                  │
 │ c                         │ var                       │ char                                    │
 │ d1                        │ var                       │ double                                  │
 │ f                         │ var                       │ boolean                                 │
 │ t                         │ var                       │ boolean                                 │
 ───────────────────────────────────────────────────────────────────────────────────────────────────
