(5,13) operator is not overloaded: 'double' + 'string'