program
   decls
      vars
         var
            a
            type
               boolean
            no expression
      vars
         var
            b
            type
               boolean
            no expression
   block
      compounds statements
         call
            write
               shl
                  a
                  b

 ───────────────────────────────────────────────────────────────────────────────────────────────────
 │ integer                   │ type                      │ integer                                 │
 │ char                      │ type                      │ char                                    │
 │ string                    │ type                      │ string                                  │
 │ double                    │ type                      │ double                                  │
 │ boolean                   │ type                      │ boolean                                 │
 ───────────────────────────────────────────────────────────────────────────────────────────────────

 ───────────────────────────────────────────────────────────────────────────────────────────────────
 │ without name              │ program name              │ no return type                          │
 │ a                         │ var                       │ boolean                                 │
 │ b                         │ var                       │ boolean                                 │
 ───────────────────────────────────────────────────────────────────────────────────────────────────
