(5,13) operator is not overloaded: 'string' * 'string'