program
   decls
      vars
         var
            point
               record
               params
            no expression
   block
      compounds statements
