program
   decls
      vars
         var
            i
            type
               integer
            no expression
   block
      compounds statements
         for
         :=
            i
            0
         to
               10
            compounds statements
               call
                  writeln
                     i
         for
         :=
            i
            10
         downto
               0
            compounds statements
               call
                  writeln
                     i
