(5,13) operator is not overloaded: 'char' - 'char'