(5,13) operator is not overloaded: 'integer' - 'string'