program
   decls
      procedure
         f
      params
         param
            i
            type
               double
         param
            c
            type
               double
         block
            compounds statements
   block
      compounds statements
         call
            f
               1.1
               1.1

 ───────────────────────────────────────────────────────────────────────────────────────────────────
 │ integer                   │ type                      │ integer                                 │
 │ char                      │ type                      │ char                                    │
 │ string                    │ type                      │ string                                  │
 │ double                    │ type                      │ double                                  │
 │ boolean                   │ type                      │ boolean                                 │
 ───────────────────────────────────────────────────────────────────────────────────────────────────

 ───────────────────────────────────────────────────────────────────────────────────────────────────
 │ without name              │ program name              │ no return type                          │
 │ f                         │ procedure                 │ no return type                          │
 ───────────────────────────────────────────────────────────────────────────────────────────────────

 ───────────────────────────────────────────────────────────────────────────────────────────────────
 │ i                         │ param                     │ double                                  │
 │ c                         │ param                     │ double                                  │
 ───────────────────────────────────────────────────────────────────────────────────────────────────
