program
   block
      compounds statements
         call
            writeln
               true
         call
            writeln
               1
         call
            writeln
               1.1
         call
            writeln
               #123
         call
            writeln
               '123'

 ───────────────────────────────────────────────────────────────────────────────────────────────────
 │ integer                   │ type                      │ integer                                 │
 │ char                      │ type                      │ char                                    │
 │ string                    │ type                      │ string                                  │
 │ double                    │ type                      │ double                                  │
 │ boolean                   │ type                      │ boolean                                 │
 ───────────────────────────────────────────────────────────────────────────────────────────────────

 ───────────────────────────────────────────────────────────────────────────────────────────────────
 │ without name              │ program name              │ no return type                          │
 ───────────────────────────────────────────────────────────────────────────────────────────────────
